[emoticones-data.tp.mmi-lepuy.fr/emo-list.html]
[backblue.gif]
[fade.gif]
[index.html]
[emoticones-data.tp.mmi-lepuy.fr/favicon.ico]
[emoticones-data.tp.mmi-lepuy.fr/favicon.png]
[emoticones-data.tp.mmi-lepuy.fr/cover.jpg]
[emoticones-data.tp.mmi-lepuy.fr/index.html]
[emoticones-data.tp.mmi-lepuy.fr/css/swiper/swiper.css]
[emoticones-data.tp.mmi-lepuy.fr/css/bootstrap/bootstrap.min.css]
[emoticones-data.tp.mmi-lepuy.fr/css/style.css]
[emoticones-data.tp.mmi-lepuy.fr/css/fonts.css]
[emoticones-data.tp.mmi-lepuy.fr/index-2.html]
[emoticones-data.tp.mmi-lepuy.fr/js/jquery.min.js]
[emoticones-data.tp.mmi-lepuy.fr/projet.html]
[emoticones-data.tp.mmi-lepuy.fr/indexcafb.html]
[emoticones-data.tp.mmi-lepuy.fr/statscafb.html]
[emoticones-data.tp.mmi-lepuy.fr/index8f64.html]
[emoticones-data.tp.mmi-lepuy.fr/stats8f64.html]
[emoticones-data.tp.mmi-lepuy.fr/indexc377.html]
[emoticones-data.tp.mmi-lepuy.fr/statsc377.html]
[emoticones-data.tp.mmi-lepuy.fr/index026c.html]
[emoticones-data.tp.mmi-lepuy.fr/stats026c.html]
[emoticones-data.tp.mmi-lepuy.fr/index40ea.html]
[emoticones-data.tp.mmi-lepuy.fr/stats40ea.html]
[emoticones-data.tp.mmi-lepuy.fr/indexccfe.html]
[emoticones-data.tp.mmi-lepuy.fr/statsccfe.html]
[emoticones-data.tp.mmi-lepuy.fr/index9358.html]
[emoticones-data.tp.mmi-lepuy.fr/stats9358.html]
[emoticones-data.tp.mmi-lepuy.fr/indexb240.html]
[emoticones-data.tp.mmi-lepuy.fr/statsb240.html]
[emoticones-data.tp.mmi-lepuy.fr/index6df8.html]
[emoticones-data.tp.mmi-lepuy.fr/stats6df8.html]
[emoticones-data.tp.mmi-lepuy.fr/index47d6.html]
[emoticones-data.tp.mmi-lepuy.fr/stats47d6.html]
[emoticones-data.tp.mmi-lepuy.fr/index6b98.html]
[emoticones-data.tp.mmi-lepuy.fr/stats6b98.html]
[emoticones-data.tp.mmi-lepuy.fr/index5da7.html]
[emoticones-data.tp.mmi-lepuy.fr/stats5da7.html]
[emoticones-data.tp.mmi-lepuy.fr/indexa063.html]
[emoticones-data.tp.mmi-lepuy.fr/statsa063.html]
[emoticones-data.tp.mmi-lepuy.fr/index59f1.html]
[emoticones-data.tp.mmi-lepuy.fr/stats59f1.html]
[emoticones-data.tp.mmi-lepuy.fr/index2917.html]
[emoticones-data.tp.mmi-lepuy.fr/stats2917.html]
[emoticones-data.tp.mmi-lepuy.fr/index36cf.html]
[emoticones-data.tp.mmi-lepuy.fr/stats36cf.html]
[emoticones-data.tp.mmi-lepuy.fr/emo-list.html]
[emoticones-data.tp.mmi-lepuy.fr/cookies.html]
[emoticones-data.tp.mmi-lepuy.fr/index.html]
[emoticones-data.tp.mmi-lepuy.fr/css/swiper/swiper.css]
[emoticones-data.tp.mmi-lepuy.fr/imp-list.html]
[emoticones-data.tp.mmi-lepuy.fr/css/bootstrap/bootstrap.min.css]
[emoticones-data.tp.mmi-lepuy.fr/css/style.css]
[emoticones-data.tp.mmi-lepuy.fr/css/fonts.css]
[emoticones-data.tp.mmi-lepuy.fr/index-2.html]
[emoticones-data.tp.mmi-lepuy.fr/projet.html]
[emoticones-data.tp.mmi-lepuy.fr/uploads/emojis/cool.svg]
[emoticones-data.tp.mmi-lepuy.fr/indexcafb.html]
[emoticones-data.tp.mmi-lepuy.fr/statscafb.html]
[emoticones-data.tp.mmi-lepuy.fr/uploads/emojis/kiss.svg]
[emoticones-data.tp.mmi-lepuy.fr/index8f64.html]
[emoticones-data.tp.mmi-lepuy.fr/stats8f64.html]
[emoticones-data.tp.mmi-lepuy.fr/uploads/emojis/embarasse.svg]
[emoticones-data.tp.mmi-lepuy.fr/indexc377.html]
[emoticones-data.tp.mmi-lepuy.fr/statsc377.html]
[emoticones-data.tp.mmi-lepuy.fr/uploads/emojis/serious.svg]
[emoticones-data.tp.mmi-lepuy.fr/index026c.html]
[emoticones-data.tp.mmi-lepuy.fr/stats026c.html]
[emoticones-data.tp.mmi-lepuy.fr/uploads/emojis/suspicious.svg]
[emoticones-data.tp.mmi-lepuy.fr/index40ea.html]
[emoticones-data.tp.mmi-lepuy.fr/stats40ea.html]
[emoticones-data.tp.mmi-lepuy.fr/uploads/emojis/angry.svg]
[emoticones-data.tp.mmi-lepuy.fr/indexccfe.html]
[emoticones-data.tp.mmi-lepuy.fr/statsccfe.html]
[emoticones-data.tp.mmi-lepuy.fr/uploads/emojis/surprised-4.svg]
[emoticones-data.tp.mmi-lepuy.fr/index9358.html]
[emoticones-data.tp.mmi-lepuy.fr/stats9358.html]
[emoticones-data.tp.mmi-lepuy.fr/uploads/emojis/vain.svg]
[emoticones-data.tp.mmi-lepuy.fr/indexb240.html]
[emoticones-data.tp.mmi-lepuy.fr/statsb240.html]
[emoticones-data.tp.mmi-lepuy.fr/uploads/emojis/arrogant.svg]
[emoticones-data.tp.mmi-lepuy.fr/index6df8.html]
[emoticones-data.tp.mmi-lepuy.fr/stats6df8.html]
[emoticones-data.tp.mmi-lepuy.fr/uploads/emojis/crying-1.svg]
[emoticones-data.tp.mmi-lepuy.fr/index47d6.html]
[emoticones-data.tp.mmi-lepuy.fr/stats47d6.html]
[emoticones-data.tp.mmi-lepuy.fr/uploads/emojis/happy-7.svg]
[emoticones-data.tp.mmi-lepuy.fr/index6b98.html]
[emoticones-data.tp.mmi-lepuy.fr/stats6b98.html]
[emoticones-data.tp.mmi-lepuy.fr/uploads/emojis/smart.svg]
[emoticones-data.tp.mmi-lepuy.fr/index5da7.html]
[emoticones-data.tp.mmi-lepuy.fr/stats5da7.html]
[emoticones-data.tp.mmi-lepuy.fr/uploads/emojis/cute.svg]
[emoticones-data.tp.mmi-lepuy.fr/indexa063.html]
[emoticones-data.tp.mmi-lepuy.fr/statsa063.html]
[emoticones-data.tp.mmi-lepuy.fr/uploads/emojis/angel.svg]
[emoticones-data.tp.mmi-lepuy.fr/index59f1.html]
[emoticones-data.tp.mmi-lepuy.fr/stats59f1.html]
[emoticones-data.tp.mmi-lepuy.fr/uploads/emojis/wink-1.svg]
[emoticones-data.tp.mmi-lepuy.fr/index2917.html]
[emoticones-data.tp.mmi-lepuy.fr/stats2917.html]
[emoticones-data.tp.mmi-lepuy.fr/uploads/emojis/crying.svg]
[emoticones-data.tp.mmi-lepuy.fr/index36cf.html]
[emoticones-data.tp.mmi-lepuy.fr/stats36cf.html]
[emoticones-data.tp.mmi-lepuy.fr/cookies.html]
[emoticones-data.tp.mmi-lepuy.fr/imp-list.html]
[emoticones-data.tp.mmi-lepuy.fr/css/fonts/glyphicons-halflings-regular.html]
[emoticones-data.tp.mmi-lepuy.fr/css/fonts/glyphicons-halflings-regulard41d.html]
[emoticones-data.tp.mmi-lepuy.fr/css/fonts/glyphicons-halflings-regular-2.html]
[emoticones-data.tp.mmi-lepuy.fr/css/fonts/glyphicons-halflings-regular-3.html]
[emoticones-data.tp.mmi-lepuy.fr/css/fonts/glyphicons-halflings-regular-4.html]
[emoticones-data.tp.mmi-lepuy.fr/css/fonts/glyphicons-halflings-regular-5.html]
[emoticones-data.tp.mmi-lepuy.fr/img/pattern.svg]
[emoticones-data.tp.mmi-lepuy.fr/img/female.svg]
[emoticones-data.tp.mmi-lepuy.fr/img/male.svg]
[emoticones-data.tp.mmi-lepuy.fr/img/no-sexe.svg]
[emoticones-data.tp.mmi-lepuy.fr/css/burger.svg]
[emoticones-data.tp.mmi-lepuy.fr/css/close.svg]
[emoticones-data.tp.mmi-lepuy.fr/css/fonts/Nunito-regular.html]
[emoticones-data.tp.mmi-lepuy.fr/js/swiper/swiper.min.js]
[emoticones-data.tp.mmi-lepuy.fr/js/Chart.min.js]
